ERROR: Incorret coin format
ERROR: Incorret number of rows in coin file
